:Add_Button	{container=':Quick Addressbook_ToolBar' text='Add' type?='*Button' unnamed='1' visible='true'}
:Back_Button	{container=':Quick Addressbook_ToolBar' text='Back' type?='*Button' unnamed='1' visible='true'}
:Quick Addressbook.addressBookView_TableView	{container=':Quick Addressbook_QQuickWindowQmlImpl' id='addressBookView' type='TableView' unnamed='1' visible='true'}
:Quick Addressbook.editView_EditView	{container=':Quick Addressbook_QQuickWindowQmlImpl' id='editView' type='EditView' unnamed='1' visible='true'}
:Quick Addressbook_QQuickWindowQmlImpl	{title='Quick Addressbook' type='QQuickWindowQmlImpl' objectName='mainWindow' visible='true'}
:Quick Addressbook_ToolBar	{container=':Quick Addressbook_QQuickWindowQmlImpl' type='ToolBar' unnamed='1' visible='true'}
:addressBookView.listView_ListView	{container=':Quick Addressbook.addressBookView_TableView' id='listView' type='ListView' unnamed='1' visible='true'}
:editView.firstNameField_TextField	{container=':Quick Addressbook.editView_EditView' id='firstNameField' type='TextField' unnamed='1' visible='true'}
:editView.textInput_TextInput	{container=':Quick Addressbook.editView_EditView' echoMode='0' id='textInput' type='TextInput' unnamed='1' visible='true'}
:editView.textInput_TextInput_2	{container=':Quick Addressbook.editView_EditView' echoMode='0' id='textInput' occurrence='2' type='TextInput' unnamed='1' visible='true'}
:editView.textInput_TextInput_3	{container=':Quick Addressbook.editView_EditView' echoMode='0' id='textInput' occurrence='3' type='TextInput' unnamed='1' visible='true'}
:editView.textInput_TextInput_4	{container=':Quick Addressbook.editView_EditView' echoMode='0' id='textInput' occurrence='4' type='TextInput' unnamed='1' visible='true'}
