:A simple menu_QLabel	{container=':qt_tabwidget_stackedwidget_WidgetDemoPage' text='A simple menu' type='QLabel' unnamed='1' visible='1'}
:A standard list control_QLabel	{container=':qt_tabwidget_stackedwidget_WidgetDemoPage' text='A standard list control' type='QLabel' unnamed='1' visible='1'}
:A standard list control_QListWidget	{aboveWidget=':A standard list control_QLabel' container=':qt_tabwidget_stackedwidget_WidgetDemoPage' type='QListWidget' unnamed='1' visible='1'}
:A standard table control_QLabel	{container=':qt_tabwidget_stackedwidget_WidgetDemoPage' text='A standard table control' type='QLabel' unnamed='1' visible='1'}
:A standard table control_QTableWidget	{aboveWidget=':A standard table control_QLabel' container=':qt_tabwidget_stackedwidget_WidgetDemoPage' type='QTableWidget' unnamed='1' visible='1'}
:A standard tree control_QLabel	{container=':qt_tabwidget_stackedwidget_WidgetDemoPage' text='A standard tree control' type='QLabel' unnamed='1' visible='1'}
:A standard tree control_QTreeWidget	{aboveWidget=':A standard tree control_QLabel' container=':qt_tabwidget_stackedwidget_WidgetDemoPage' type='QTreeWidget' unnamed='1' visible='1'}
:Check Boxes.Test 1_QCheckBox	{container=':Check Boxes_QGroupBox' text='Test 1' type='QCheckBox' unnamed='1' visible='1'}
:Check Boxes.Test 2_QCheckBox	{container=':Check Boxes_QGroupBox' text='Test 2' type='QCheckBox' unnamed='1' visible='1'}
:Check Boxes_QGroupBox	{container=':qt_tabwidget_stackedwidget_WidgetDemoPage' title='Check Boxes' type='QGroupBox' unnamed='1' visible='1'}
:Colors.Blue_QRadioButton	{container=':Colors_QGroupBox' text='Blue' type='QRadioButton' unnamed='1' visible='1'}
:Colors.Green_QRadioButton	{container=':Colors_QGroupBox' text='Green' type='QRadioButton' unnamed='1' visible='1'}
:Colors.White_QRadioButton	{container=':Colors_QGroupBox' text='White' type='QRadioButton' unnamed='1' visible='1'}
:Colors_QGroupBox	{container=':qt_tabwidget_stackedwidget_WidgetDemoPage' title='Colors' type='QGroupBox' unnamed='1' visible='1'}
:Favorite Food_QComboBox	{container=':qt_tabwidget_stackedwidget_WidgetDemoPage' leftWidget=':Favorite Food_QLabel' type='QComboBox' unnamed='1' visible='1'}
:Favorite Food_QLabel	{container=':qt_tabwidget_stackedwidget_WidgetDemoPage' text='Favorite Food' type='QLabel' unnamed='1' visible='1'}
:First Name:_QLabel	{container=':qt_tabwidget_stackedwidget_WidgetDemoPage' text='First Name:' type='QLabel' unnamed='1' visible='1'}
:First Name:_QLineEdit	{container=':qt_tabwidget_stackedwidget_WidgetDemoPage' leftWidget=':First Name:_QLabel' type='QLineEdit' unnamed='1' visible='1'}
:Press Me!_QPushButton	{container=':qt_tabwidget_stackedwidget_WidgetDemoPage' text='Press Me!' type='QPushButton' unnamed='1' visible='1'}
:Qt Widget Sample.Tool 1_QToolButton	{text='Tool 1' type='QToolButton' unnamed='1' visible='1' window=':Qt Widget Sample_QWidget'}
:Qt Widget Sample.Tool 2_QToolButton	{text='Tool 2' type='QToolButton' unnamed='1' visible='1' window=':Qt Widget Sample_QWidget'}
:Qt Widget Sample.Tool 3_QToolButton	{text='Tool 3' type='QToolButton' unnamed='1' visible='1' window=':Qt Widget Sample_QWidget'}
:Qt Widget Sample.qt_tabwidget_stackedwidget_QStackedWidget	{name='qt_tabwidget_stackedwidget' type='QStackedWidget' visible='1' window=':Qt Widget Sample_QWidget'}
:Qt Widget Sample.qt_tabwidget_tabbar_QTabBar	{name='qt_tabwidget_tabbar' type='QTabBar' visible='1' window=':Qt Widget Sample_QWidget'}
:Qt Widget Sample.qt_tabwidget_tabbar_QTabBar_2	{name='qt_tabwidget_tabbar' occurrence='2' type='QTabBar' visible='1' window=':Qt Widget Sample_QWidget'}
:Qt Widget Sample_QSizeGrip	{type='QSizeGrip' unnamed='1' visible='1' window=':Qt Widget Sample_QWidget'}
:Qt Widget Sample_QToolButton	{occurrence='5' type='QToolButton' unnamed='1' visible='1' window=':Qt Widget Sample_QWidget'}
:Qt Widget Sample_QWidget	{type='QWidget' unnamed='1' visible='1' windowTitle='Qt Widget Sample'}
:Update Interval:_QLabel	{container=':qt_tabwidget_stackedwidget_WidgetDemoPage' text='Update Interval:' type='QLabel' unnamed='1' visible='1'}
:Update Interval:_QSpinBox	{container=':qt_tabwidget_stackedwidget_WidgetDemoPage' leftWidget=':Update Interval:_QLabel' type='QSpinBox' unnamed='1' visible='1'}
:qt_tabwidget_stackedwidget_WidgetDemoPage	{container=':Qt Widget Sample.qt_tabwidget_stackedwidget_QStackedWidget' type='WidgetDemoPage' unnamed='1' visible='1'}
:qt_tabwidget_tabbar_QTabBar	{container=':qt_tabwidget_stackedwidget_WidgetDemoPage' name='qt_tabwidget_tabbar' type='QTabBar' visible='1'}
