:Account Name:_QLineEdit	{buddy=':Make Payment.Account Name:_QLabel' type='QLineEdit' unnamed='1' visible='0'}
:Account Name:_QLineEdit_2	{buddy=':Make Payment.Account Name:_QLabel' type='QLineEdit' unnamed='1' visible='1'}
:Account Number:_QLineEdit	{buddy=':Make Payment.Account Number:_QLabel' type='QLineEdit' unnamed='1' visible='0'}
:Account Number:_QLineEdit_2	{buddy=':Make Payment.Account Number:_QLabel' type='QLineEdit' unnamed='1' visible='1'}
:Bank Name:_QLineEdit	{buddy=':Make Payment.Bank Name:_QLabel' type='QLineEdit' unnamed='1' visible='1'}
:Bank Number:_QLineEdit	{buddy=':Make Payment.Bank Number:_QLabel' type='QLineEdit' unnamed='1' visible='0'}
:Bank Number:_QLineEdit_2	{buddy=':Make Payment.Bank Number:_QLabel' type='QLineEdit' unnamed='1' visible='1'}
:Card Type:_QComboBox	{buddy=':Make Payment.Card Type:_QLabel' type='QComboBox' unnamed='1' visible='1'}
:Check Date:_QDateEdit	{buddy=':Make Payment.Check Date:_QLabel' type='QDateEdit' unnamed='1' visible='0'}
:Description:_QLineEdit	{buddy=':Make Payment.Description:_QLabel' type='QLineEdit' unnamed='1' visible='1'}
:Expiry Date:_QDateEdit	{buddy=':Make Payment.Expiry Date:_QLabel' type='QDateEdit' unnamed='1' visible='1'}
:Invoice:_QComboBox	{buddy=':Make Payment.Invoice:_QLabel' type='QComboBox' unnamed='1' visible='1'}
:Issue Date:_QDateEdit	{buddy=':Make Payment.Issue Date:_QLabel' type='QDateEdit' unnamed='1' visible='1'}
:Make Payment.$2,000_QLabel	{name='AmountDueLabel' text='$2,000' type='QLabel' visible='1' window=':Make Payment_MainWindow'}
:Make Payment.Account Name:_QLabel	{text='Account Name:' type='QLabel' unnamed='1' visible='1' window=':Make Payment_MainWindow'}
:Make Payment.Account Number:_QLabel	{text='Account Number:' type='QLabel' unnamed='1' visible='1' window=':Make Payment_MainWindow'}
:Make Payment.Bank Name:_QLabel	{text='Bank Name:' type='QLabel' unnamed='1' visible='1' window=':Make Payment_MainWindow'}
:Make Payment.Bank Number:_QLabel	{text='Bank Number:' type='QLabel' unnamed='1' visible='1' window=':Make Payment_MainWindow'}
:Make Payment.Card Type:_QLabel	{text='Card Type:' type='QLabel' unnamed='1' visible='1' window=':Make Payment_MainWindow'}
:Make Payment.CardWidget_QWidget	{name='CardWidget' type='QWidget' visible='1' window=':Make Payment_MainWindow'}
:Make Payment.Cash_QRadioButton	{text='Cash' type='QRadioButton' unnamed='1' visible='1' window=':Make Payment_MainWindow'}
:Make Payment.Check Date:_QLabel	{text='Check Date:' type='QLabel' unnamed='1' visible='1' window=':Make Payment_MainWindow'}
:Make Payment.Check Signed_QCheckBox	{text='Check Signed' type='QCheckBox' unnamed='1' visible='0' window=':Make Payment_MainWindow'}
:Make Payment.CheckWidget_QWidget	{name='CheckWidget' type='QWidget' visible='0' window=':Make Payment_MainWindow'}
:Make Payment.Check_QRadioButton	{text='Check' type='QRadioButton' unnamed='1' visible='1' window=':Make Payment_MainWindow'}
:Make Payment.Credit Card_QRadioButton	{text='Credit Card' type='QRadioButton' unnamed='1' visible='1' window=':Make Payment_MainWindow'}
:Make Payment.Expiry Date:_QLabel	{text='Expiry Date:' type='QLabel' unnamed='1' visible='1' window=':Make Payment_MainWindow'}
:Make Payment.Invoice:_QLabel	{text='Invoice:' type='QLabel' unnamed='1' visible='1' window=':Make Payment_MainWindow'}
:Make Payment.Issue Date:_QLabel	{text='Issue Date:' type='QLabel' unnamed='1' visible='1' window=':Make Payment_MainWindow'}
:Make Payment.Pay_QPushButton	{text='Pay' type='QPushButton' unnamed='1' visible='1' window=':Make Payment_MainWindow'}
:Make Payment.Paying Cash_QLabel	{name='CashWidget' text='Paying Cash' type='QLabel' visible='0' window=':Make Payment_MainWindow'}
:Make Payment.This Payment:_QLabel	{text='This Payment:' type='QLabel' unnamed='1' visible='1' window=':Make Payment_MainWindow'}
:Make Payment.qt_spinbox_lineedit_QLineEdit	{name='qt_spinbox_lineedit' type='QLineEdit' visible='1' window=':Make Payment_MainWindow'}
:Make Payment.qt_spinbox_lineedit_QLineEdit_2	{name='qt_spinbox_lineedit' occurrence='2' type='QLineEdit' visible='1' window=':Make Payment_MainWindow'}
:Make Payment.qt_spinbox_lineedit_QLineEdit_3	{name='qt_spinbox_lineedit' occurrence='3' type='QLineEdit' visible='1' window=':Make Payment_MainWindow'}
:Make Payment_MainWindow	{type='MainWindow' unnamed='1' visible='1' windowTitle='Make Payment'}
:Make Payment_QDialogButtonBox	{type='QDialogButtonBox' unnamed='1' visible='1' window=':Make Payment_MainWindow'}
:Make Payment_QWidget	{occurrence='13' type='QWidget' unnamed='1' visible='1' window=':Make Payment_MainWindow'}
:This Payment:_QSpinBox	{buddy=':Make Payment.This Payment:_QLabel' type='QSpinBox' unnamed='1' visible='1'}
