:Chlorophytes.Ulvophyceae_QModelIndex	{column='0' container=':Green algae.Chlorophytes_QModelIndex' text='Ulvophyceae' type='QModelIndex'}
:Desmids & Charophytes.Gonaozygaceae_QModelIndex	{column='0' container=':Green algae.Desmids & Charophytes_QModelIndex' text='Gonaozygaceae' type='QModelIndex'}
:Green algae.Chlorophytes_QModelIndex	{column='0' container=':Green algae_QModelIndex' text='Chlorophytes' type='QModelIndex'}
:Green algae.Desmids & Charophytes_QModelIndex	{column='0' container=':Green algae_QModelIndex' text='Desmids & Charophytes' type='QModelIndex'}
:Green algae_QModelIndex	{column='0' container=':Item Views_QTreeView_2' text='Green algae' type='QModelIndex'}
:Item Views.3_2_QExpandingLineEdit	{column='2' row='3' type='QExpandingLineEdit' unnamed='1' visible='1' window=':Item Views_MainWindow'}
:Item Views.qt_splithandle__QListWidget	{aboveWidget=':Item Views.qt_splithandle__QSplitterHandle' type='QListWidget' unnamed='1' visible='1' window=':Item Views_MainWindow'}
:Item Views.qt_splithandle__QListWidget_2	{aboveWidget=':Item Views.qt_splithandle__QSplitterHandle_4' type='QListWidget' unnamed='1' visible='1' window=':Item Views_MainWindow'}
:Item Views.qt_splithandle__QSplitterHandle	{name='qt_splithandle_' type='QSplitterHandle' visible='1' window=':Item Views_MainWindow'}
:Item Views.qt_splithandle__QSplitterHandle_2	{name='qt_splithandle_' occurrence='2' type='QSplitterHandle' visible='1' window=':Item Views_MainWindow'}
:Item Views.qt_splithandle__QSplitterHandle_3	{name='qt_splithandle_' occurrence='4' type='QSplitterHandle' visible='1' window=':Item Views_MainWindow'}
:Item Views.qt_splithandle__QSplitterHandle_4	{name='qt_splithandle_' occurrence='3' type='QSplitterHandle' visible='1' window=':Item Views_MainWindow'}
:Item Views.qt_splithandle__QTableWidget	{aboveWidget=':Item Views.qt_splithandle__QSplitterHandle_2' type='QTableWidget' unnamed='1' visible='1' window=':Item Views_MainWindow'}
:Item Views.qt_splithandle__QTreeWidget	{aboveWidget=':Item Views.qt_splithandle__QSplitterHandle_3' type='QTreeWidget' unnamed='1' visible='1' window=':Item Views_MainWindow'}
:Item Views.qt_splithandle__QTreeWidget_2	{aboveWidget=':Item Views.qt_splithandle__QSplitterHandle' type='QTreeWidget' unnamed='1' visible='1' window=':Item Views_MainWindow'}
:Item Views_MainWindow	{type='MainWindow' unnamed='1' visible='1' windowTitle='Item Views'}
:Item Views_QListView	{type='QListView' unnamed='1' visible='1' window=':Item Views_MainWindow'}
:Item Views_QListView_2	{occurrence='2' type='QListView' unnamed='1' visible='1' window=':Item Views_MainWindow'}
:Item Views_QTableView	{type='QTableView' unnamed='1' visible='1' window=':Item Views_MainWindow'}
:Item Views_QTableView_2	{occurrence='2' type='QTableView' unnamed='1' visible='1' window=':Item Views_MainWindow'}
:Item Views_QTreeView	{type='QTreeView' unnamed='1' visible='1' window=':Item Views_MainWindow'}
:Item Views_QTreeView_2	{occurrence='2' type='QTreeView' unnamed='1' visible='1' window=':Item Views_MainWindow'}
:_QMenu	{type='QMenu' unnamed='1' visible='1'}
:qt_splithandle_.3_2_QTableWidgetItem	{column='2' container=':Item Views.qt_splithandle__QTableWidget' row='3' type='QTableWidgetItem'}
:qt_splithandle_.All's Well That Ends Well_QListWidgetItem	{container=':Item Views.qt_splithandle__QListWidget_2' text='All\\'s Well That Ends Well' type='QListWidgetItem'}
:qt_splithandle_.The Taming of the Shrew_QListWidgetItem	{container=':Item Views.qt_splithandle__QListWidget_2' text='The Taming of the Shrew' type='QListWidgetItem'}
:qt_splithandle_.The Tempest_QListWidgetItem	{container=':Item Views.qt_splithandle__QListWidget_2' text='The Tempest' type='QListWidgetItem'}
:qt_splithandle_.The Two Gentlemen of Verona_QListWidgetItem	{container=':Item Views.qt_splithandle__QListWidget_2' text='The Two Gentlemen of Verona' type='QListWidgetItem'}
:qt_splithandle_.The Two Noble Kinsmen_QListWidgetItem	{container=':Item Views.qt_splithandle__QListWidget_2' text='The Two Noble Kinsmen' type='QListWidgetItem'}
:qt_splithandle_.The Winter's Tale_QListWidgetItem	{container=':Item Views.qt_splithandle__QListWidget_2' text='The Winter\\'s Tale' type='QListWidgetItem'}
:qt_splithandle_.Twelfth Night, or What You Will_QListWidgetItem	{container=':Item Views.qt_splithandle__QListWidget_2' text='Twelfth Night, or What You Will' type='QListWidgetItem'}
