:Address Book - Add.Email:_QLabel	{text='Email:' type='QLabel' unnamed='1' visible='1' window=':Address Book - Add_Dialog'}
:Address Book - Add.Forename:_QLabel	{text='Forename:' type='QLabel' unnamed='1' visible='1' window=':Address Book - Add_Dialog'}
:Address Book - Add.OK_QPushButton	{text='OK' type='QPushButton' unnamed='1' visible='1' window=':Address Book - Add_Dialog'}
:Address Book - Add.Phone:_QLabel	{text='Phone:' type='QLabel' unnamed='1' visible='1' window=':Address Book - Add_Dialog'}
:Address Book - Add.Surname:_QLabel	{text='Surname:' type='QLabel' unnamed='1' visible='1' window=':Address Book - Add_Dialog'}
:Address Book - Add_Dialog	{type='Dialog' unnamed='1' visible='1' windowTitle='Address Book - Add'}
:Address Book - Delete.Yes_QPushButton	{text='Yes' type='QPushButton' unnamed='1' visible='1' window=':Address Book - Delete_QMessageBox'}
:Address Book - Delete_QMessageBox	{type='QMessageBox' unnamed='1' visible='1' windowTitle='Address Book - Delete'}
:Address Book - Unnamed.File_QTableWidget	{aboveWidget=':Address Book - Unnamed.File_QToolBar' type='QTableWidget' unnamed='1' visible='1' window=':Address Book - Unnamed_MainWindow'}
:Address Book - Unnamed.File_QToolBar	{type='QToolBar' unnamed='1' visible='1' window=':Address Book - Unnamed_MainWindow' windowTitle='File'}
:Address Book - Unnamed_MainWindow	{type='MainWindow' unnamed='1' visible='1' windowTitle='Address Book - Unnamed'}
:Address Book.Edit_QMenu	{title='Edit' type='QMenu' unnamed='1' visible='1'}
:Address Book.File_QMenu	{title='File' type='QMenu' unnamed='1' visible='1'}
:Address Book.No_QPushButton	{text='No' type='QPushButton' unnamed='1' visible='1' window=':Address Book_QMessageBox'}
:Address Book_MainWindow	{type='MainWindow' unnamed='1' visible='1' windowTitle='Address Book'}
:Address Book_QMenuBar	{type='QMenuBar' unnamed='1' visible='1'}
:Address Book_QMessageBox	{type='QMessageBox' unnamed='1' visible='1' windowTitle='Address Book'}
:Email:_LineEdit	{buddy=':Address Book - Add.Email:_QLabel' type='LineEdit' unnamed='1' visible='1'}
:File.0_0_QModelIndex	{column='0' container=':Address Book - Unnamed.File_QTableWidget' row='0' type='QModelIndex'}
:File.0_1_QModelIndex	{column='1' container=':Address Book - Unnamed.File_QTableWidget' row='0' type='QModelIndex'}
:File.0_2_QModelIndex	{column='2' container=':Address Book - Unnamed.File_QTableWidget' row='0' type='QModelIndex'}
:File.0_3_QModelIndex	{column='3' container=':Address Book - Unnamed.File_QTableWidget' row='0' type='QModelIndex'}
:Forename:_LineEdit	{buddy=':Address Book - Add.Forename:_QLabel' type='LineEdit' unnamed='1' visible='1'}
:Phone:_LineEdit	{buddy=':Address Book - Add.Phone:_QLabel' type='LineEdit' unnamed='1' visible='1'}
:Surname:_LineEdit	{buddy=':Address Book - Add.Surname:_QLabel' type='LineEdit' unnamed='1' visible='1'}
