:&Edit_QAction	{container=':CSV Table - Unnamed_QMenu' text='&Edit' type='QAction' unnamed='1' visible='true'}
:CSV - Table.Yes_QPushButton	{text='Yes' type='QPushButton' unnamed='1' visible='1' window=':CSV - Table_QMessageBox'}
:CSV - Table_QMessageBox	{type='QMessageBox' unnamed='1' visible='1' windowTitle='CSV - Table'}
:CSV Table - Choose File.File name:_QLabel	{name='fileNameLabel' text='File name:' type='QLabel' visible='1' window=':CSV Table - Choose File_QFileDialog'}
:CSV Table - Choose File.Open_QPushButton	{text='Open' type='QPushButton' unnamed='1' visible='1' window=':CSV Table - Choose File_QFileDialog'}
:CSV Table - Choose File.splitter_QSplitter	{name='splitter' type='QSplitter' visible='1' window=':CSV Table - Choose File_QFileDialog'}
:CSV Table - Choose File_QFileDialog	{name='QFileDialog' type='QFileDialog' visible='1' windowTitle='CSV Table - Choose File'}
:CSV Table - Column Names.Cancel_QPushButton	{text='Cancel' type='QPushButton' unnamed='1' visible='1' window=':CSV Table - Column Names_QInputDialog'}
:CSV Table - Column Names.Enter a comma-separated list of column names_QLabel	{text='Enter a comma-separated list of column names' type='QLabel' unnamed='1' visible='1' window=':CSV Table - Column Names_QInputDialog'}
:CSV Table - Column Names.OK_QPushButton	{text='OK' type='QPushButton' unnamed='1' visible='1' window=':CSV Table - Column Names_QInputDialog'}
:CSV Table - Column Names_QInputDialog	{type='QInputDialog' unnamed='1' visible='1' windowTitle='CSV Table - Column Names'}
:CSV Table - Delete Row.No_QPushButton	{text='No' type='QPushButton' unnamed='1' visible='1' window=':CSV Table - Delete Row_QMessageBox'}
:CSV Table - Delete Row.Yes_QPushButton	{text='Yes' type='QPushButton' unnamed='1' visible='1' window=':CSV Table - Delete Row_QMessageBox'}
:CSV Table - Delete Row_QMessageBox	{type='QMessageBox' unnamed='1' visible='1' windowTitle='CSV Table - Delete Row'}
:CSV Table - Swap Columns.Enter the comma-separated names of the two columns to be swapped swapped_QLabel	{text='Enter the comma-separated names of the two columns to be swapped swapped' type='QLabel' unnamed='1' visible='1' window=':CSV Table - Swap Columns_QInputDialog'}
:CSV Table - Swap Columns.OK_QPushButton	{text='OK' type='QPushButton' unnamed='1' visible='1' window=':CSV Table - Swap Columns_QInputDialog'}
:CSV Table - Swap Columns_QInputDialog	{type='QInputDialog' unnamed='1' visible='1' windowTitle='CSV Table - Swap Columns'}
:CSV Table - Unnamed.0_0_QExpandingLineEdit	{column='0' row='0' type='QExpandingLineEdit' unnamed='1' visible='1' window=':CSV Table - Unnamed_MainWindow'}
:CSV Table - Unnamed.0_1_QExpandingLineEdit	{column='1' row='0' type='QExpandingLineEdit' unnamed='1' visible='1' window=':CSV Table - Unnamed_MainWindow'}
:CSV Table - Unnamed.0_2_QExpandingLineEdit	{column='2' row='0' type='QExpandingLineEdit' unnamed='1' visible='1' window=':CSV Table - Unnamed_MainWindow'}
:CSV Table - Unnamed.Edit_QMenu	{title='Edit' type='QMenu' unnamed='1' visible='1' window=':CSV Table - Unnamed_MainWindow'}
:CSV Table - Unnamed.File_QMenu	{title='File' type='QMenu' unnamed='1' visible='1' window=':CSV Table - Unnamed_MainWindow'}
:CSV Table - Unnamed.File_QTableWidget	{aboveWidget=':CSV Table - Unnamed.File_QToolBar' type='QTableWidget' unnamed='1' visible='1' window=':CSV Table - Unnamed_MainWindow'}
:CSV Table - Unnamed.File_QToolBar	{type='QToolBar' unnamed='1' visible='1' window=':CSV Table - Unnamed_MainWindow' windowTitle='File'}
:CSV Table - Unnamed_MainWindow	{type='MainWindow' unnamed='1' visible='1' windowTitle='CSV Table - Unnamed'}
:CSV Table - Unnamed_QMenu	{occurrence='3' type='QMenu' unnamed='1' visible='0' window=':CSV Table - Unnamed_MainWindow'}
:CSV Table - Unnamed_QMenuBar	{type='QMenuBar' unnamed='1' visible='1' window=':CSV Table - Unnamed_MainWindow'}
:CSV Table - after.csv.File_QMenu	{title='File' type='QMenu' unnamed='1' visible='1' window=':CSV Table - after.csv_MainWindow'}
:CSV Table - after.csv_MainWindow	{type='MainWindow' unnamed='1' visible='1' windowTitle='CSV Table - after.csv'}
:CSV Table - after.csv_QMenuBar	{type='QMenuBar' unnamed='1' visible='1' window=':CSV Table - after.csv_MainWindow'}
:CSV Table - before.csv.0_0_QExpandingLineEdit	{column='0' row='0' type='QExpandingLineEdit' unnamed='1' visible='1' window=':CSV Table - before.csv_MainWindow'}
:CSV Table - before.csv.0_1_QExpandingLineEdit	{column='1' row='0' type='QExpandingLineEdit' unnamed='1' visible='1' window=':CSV Table - before.csv_MainWindow'}
:CSV Table - before.csv.0_2_QExpandingLineEdit	{column='2' row='0' type='QExpandingLineEdit' unnamed='1' visible='1' window=':CSV Table - before.csv_MainWindow'}
:CSV Table - before.csv.0_3_QExpandingLineEdit	{column='3' row='0' type='QExpandingLineEdit' unnamed='1' visible='1' window=':CSV Table - before.csv_MainWindow'}
:CSV Table - before.csv.0_4_QExpandingLineEdit	{column='4' row='0' type='QExpandingLineEdit' unnamed='1' visible='1' window=':CSV Table - before.csv_MainWindow'}
:CSV Table - before.csv.10_0_QExpandingLineEdit	{column='0' row='10' type='QExpandingLineEdit' unnamed='1' visible='1' window=':CSV Table - before.csv_MainWindow'}
:CSV Table - before.csv.10_1_QExpandingLineEdit	{column='1' row='10' type='QExpandingLineEdit' unnamed='1' visible='1' window=':CSV Table - before.csv_MainWindow'}
:CSV Table - before.csv.10_2_QExpandingLineEdit	{column='2' row='10' type='QExpandingLineEdit' unnamed='1' visible='1' window=':CSV Table - before.csv_MainWindow'}
:CSV Table - before.csv.10_3_QExpandingLineEdit	{column='3' row='10' type='QExpandingLineEdit' unnamed='1' visible='1' window=':CSV Table - before.csv_MainWindow'}
:CSV Table - before.csv.10_4_QExpandingLineEdit	{column='4' row='10' type='QExpandingLineEdit' unnamed='1' visible='1' window=':CSV Table - before.csv_MainWindow'}
:CSV Table - before.csv.1_0_QExpandingLineEdit	{column='0' row='1' type='QExpandingLineEdit' unnamed='1' visible='1' window=':CSV Table - before.csv_MainWindow'}
:CSV Table - before.csv.4_0_QExpandingLineEdit	{column='0' row='4' type='QExpandingLineEdit' unnamed='1' visible='1' window=':CSV Table - before.csv_MainWindow'}
:CSV Table - before.csv.4_1_QExpandingLineEdit	{column='1' row='4' type='QExpandingLineEdit' unnamed='1' visible='1' window=':CSV Table - before.csv_MainWindow'}
:CSV Table - before.csv.4_2_QExpandingLineEdit	{column='2' row='4' type='QExpandingLineEdit' unnamed='1' visible='1' window=':CSV Table - before.csv_MainWindow'}
:CSV Table - before.csv.4_3_QExpandingLineEdit	{column='3' row='4' type='QExpandingLineEdit' unnamed='1' visible='1' window=':CSV Table - before.csv_MainWindow'}
:CSV Table - before.csv.4_4_QExpandingLineEdit	{column='4' row='4' type='QExpandingLineEdit' unnamed='1' visible='1' window=':CSV Table - before.csv_MainWindow'}
:CSV Table - before.csv.Edit_QMenu	{title='Edit' type='QMenu' unnamed='1' visible='1' window=':CSV Table - before.csv_MainWindow'}
:CSV Table - before.csv.File_QMenu	{title='File' type='QMenu' unnamed='1' visible='1' window=':CSV Table - before.csv_MainWindow'}
:CSV Table - before.csv.File_QTableWidget	{aboveWidget=':CSV Table - before.csv.File_QToolBar' type='QTableWidget' unnamed='1' visible='1' window=':CSV Table - before.csv_MainWindow'}
:CSV Table - before.csv.File_QToolBar	{type='QToolBar' unnamed='1' visible='1' window=':CSV Table - before.csv_MainWindow' windowTitle='File'}
:CSV Table - before.csv_MainWindow	{type='MainWindow' unnamed='1' visible='1' windowTitle='CSV Table - before.csv'}
:CSV Table - before.csv_QMenuBar	{type='QMenuBar' unnamed='1' visible='1' window=':CSV Table - before.csv_MainWindow'}
:CSV Table.Cancel_QPushButton	{text='Cancel' type='QPushButton' unnamed='1' visible='1' window=':CSV Table_QMessageBox'}
:CSV Table.Edit_QMenu	{title='Edit' type='QMenu' unnamed='1' visible='0' window=':CSV Table_MainWindow'}
:CSV Table.File_QMenu	{title='File' type='QMenu' unnamed='1' visible='1' window=':CSV Table_MainWindow'}
:CSV Table.File_QTableWidget	{aboveWidget=':CSV Table.File_QToolBar' type='QTableWidget' unnamed='1' visible='1' window=':CSV Table_MainWindow'}
:CSV Table.File_QToolBar	{type='QToolBar' unnamed='1' visible='1' window=':CSV Table_MainWindow' windowTitle='File'}
:CSV Table.No_QPushButton	{text='No' type='QPushButton' unnamed='1' visible='1' window=':CSV Table_QMessageBox'}
:CSV Table.Open_QToolButton	{text='Open' type='QToolButton' unnamed='1' visible='1' window=':CSV Table_MainWindow'}
:CSV Table_MainWindow	{type='MainWindow' unnamed='1' visible='1' windowTitle='CSV Table'}
:CSV Table_QMenu	{occurrence='3' type='QMenu' unnamed='1' visible='0' window=':CSV Table_MainWindow'}
:CSV Table_QMenuBar	{type='QMenuBar' unnamed='1' visible='1' window=':CSV Table_MainWindow'}
:CSV Table_QMessageBox	{type='QMessageBox' unnamed='1' visible='1' windowTitle='CSV Table'}
:Edit.&Insert Row_QAction	{container=':CSV Table.Edit_QMenu' text='&Insert Row' type='QAction' unnamed='1' visible='true'}
:Edit.Disabled_QAction	{container=':CSV Table.Edit_QMenu' text='Disabled' type='QAction' unnamed='1' visible='true'}
:Enter a comma-separated list of column names_QLineEdit	{buddy=':CSV Table - Column Names.Enter a comma-separated list of column names_QLabel' type='QLineEdit' unnamed='1' visible='1'}
:Enter the comma-separated names of the two columns to be swapped swapped_QLineEdit	{buddy=':CSV Table - Swap Columns.Enter the comma-separated names of the two columns to be swapped swapped_QLabel' type='QLineEdit' unnamed='1' visible='1'}
:File.0_0_QModelIndex	{column='0' container=':CSV Table - Unnamed.File_QTableWidget' row='0' type='QModelIndex'}
:File.0_0_QTableWidgetItem	{column='0' container=':CSV Table - Unnamed.File_QTableWidget' row='0' type='QTableWidgetItem'}
:File.0_1_QModelIndex	{column='1' container=':CSV Table - Unnamed.File_QTableWidget' row='0' type='QModelIndex'}
:File.5_1_QTableWidgetItem	{column='1' container=':CSV Table - before.csv.File_QTableWidget' row='5' type='QTableWidgetItem'}
:_QListView	{type='QListView' unnamed='1' visible='1'}
:fileNameEdit_QLineEdit	{buddy=':CSV Table - Choose File.File name:_QLabel' name='fileNameEdit' type='QLineEdit' visible='1'}
:frame.stackedWidget_QStackedWidget	{container=':splitter.frame_QFrame' name='stackedWidget' type='QStackedWidget' visible='1'}
:splitter.frame_QFrame	{container=':CSV Table - Choose File.splitter_QSplitter' name='frame' type='QFrame' visible='1'}
:stackedWidget.listView_QListView	{container=':frame.stackedWidget_QStackedWidget' name='listView' type='QListView' visible='1'}
